
> react-kavia@0.1.0 start
> cross-env EDIT_MODE=true webpack serve --config .ve/webpack.config.js --mode development

<i> [webpack-dev-server] Project is running at:
<i> [webpack-dev-server] Loopback: http://localhost:3000/, http://[::1]:3000/
<i> [webpack-dev-server] On Your Network (IPv4): http://172.17.0.2:3000/
<i> [webpack-dev-server] Content not from webpack is served from './public' directory
Injecting EditorRootWrapper import: ../.ve/EditorRootWrapper
asset bundle.js 1.42 MiB [emitted] (name: main)
asset index.html 1.98 KiB [emitted]
runtime modules 27.5 KiB 14 modules
cacheable modules 1.27 MiB
  modules by path ./node_modules/ 1.24 MiB 31 modules
  modules by path ./src/ 20.6 KiB
    modules by path ./src/*.js 8.12 KiB 7 modules
    modules by path ./src/*.css 12.4 KiB
      ./src/index.css 2.23 KiB [built] [code generated]
      + 5 modules
  modules by path ./.ve/ 15.1 KiB
    modules by path ./.ve/*.js 10.6 KiB 2 modules
    modules by path ./.ve/*.css 2.93 KiB
      ./.ve/EditorOverlay.css 2.25 KiB [built] [code generated]
      ./node_modules/css-loader/dist/cjs.js!./.ve/EditorOverlay.css 697 bytes [built] [code generated]
    ./.ve/EditorOverlay.jsx 1.58 KiB [built] [code generated]
webpack 5.99.9 compiled successfully in 1241 ms
assets by status 1.98 KiB [cached] 1 asset
assets by path *.js 1.43 MiB
  asset bundle.js 1.42 MiB [emitted] (name: main)
  asset main.3987f7a33724bd66c61e.hot-update.js 8.18 KiB [emitted] [immutable] [hmr] (name: main)
asset main.3987f7a33724bd66c61e.hot-update.json 28 bytes [emitted] [immutable] [hmr]
Entrypoint main 1.43 MiB = bundle.js 1.42 MiB main.3987f7a33724bd66c61e.hot-update.js 8.18 KiB
cached modules 1.27 MiB [cached] 48 modules
runtime modules 27.5 KiB 14 modules
javascript modules 4.61 KiB
  ./src/UserProfilesCard.js 3.65 KiB [built] [code generated]
  ./src/api/userService.js 984 bytes [built] [code generated]
webpack 5.99.9 compiled successfully in 122 ms
assets by status 1.98 KiB [cached] 1 asset
assets by path *.js 1.43 MiB
  asset bundle.js 1.42 MiB [emitted] (name: main)
  asset main.7fd1bb46b9ba85105fe8.hot-update.js 7.6 KiB [emitted] [immutable] [hmr] (name: main)
asset main.7fd1bb46b9ba85105fe8.hot-update.json 28 bytes [emitted] [immutable] [hmr]
Entrypoint main 1.43 MiB = bundle.js 1.42 MiB main.7fd1bb46b9ba85105fe8.hot-update.js 7.6 KiB
cached modules 1.28 MiB [cached] 49 modules
runtime modules 27.5 KiB 14 modules
javascript modules 4.17 KiB
  ./src/HobbyMatchmakingCard.js 3.41 KiB [built] [code generated]
  ./src/api/matchingService.js 782 bytes [built] [code generated]
webpack 5.99.9 compiled successfully in 55 ms
assets by status 1.98 KiB [cached] 1 asset
assets by path *.js 1.44 MiB
  asset bundle.js 1.43 MiB [emitted] (name: main)
  asset main.0839e305374cbf918e9a.hot-update.js 10.2 KiB [emitted] [immutable] [hmr] (name: main)
asset main.0839e305374cbf918e9a.hot-update.json 28 bytes [emitted] [immutable] [hmr]
Entrypoint main 1.44 MiB = bundle.js 1.43 MiB main.0839e305374cbf918e9a.hot-update.js 10.2 KiB
cached modules 1.28 MiB [cached] 50 modules
runtime modules 27.5 KiB 14 modules
javascript modules 6.07 KiB
  ./src/MessagingSchedulingCard.js 4.74 KiB [built] [code generated]
  ./src/api/messagingSchedulingService.js 1.33 KiB [built] [code generated]
webpack 5.99.9 compiled successfully in 62 ms
assets by status 1.98 KiB [cached] 1 asset
assets by path *.js 1.44 MiB
  asset bundle.js 1.44 MiB [emitted] (name: main)
  asset main.0f478a56fb3d2ef4b337.hot-update.js 7.7 KiB [emitted] [immutable] [hmr] (name: main)
asset main.0f478a56fb3d2ef4b337.hot-update.json 28 bytes [emitted] [immutable] [hmr]
Entrypoint main 1.44 MiB = bundle.js 1.44 MiB main.0f478a56fb3d2ef4b337.hot-update.js 7.7 KiB
cached modules 1.28 MiB [cached] 51 modules
runtime modules 27.5 KiB 14 modules
javascript modules 4.3 KiB
  ./src/MediaSessionsCard.js 3.22 KiB [built] [code generated]
  ./src/api/mediaService.js 1.08 KiB [built] [code generated]
webpack 5.99.9 compiled successfully in 46 ms
